
> my_app@0.1.0 build
> next build

node.exe :  ΓÜá Warning: Next.js inferred your 
workspace root, but it may not be correct.
At line:1 char:1
+ & "C:\Program Files\nodejs/node.exe" 
"C:\Users\Hp\AppData\Roaming\npm ...
+ ~~~~~~~~~~~~~~~~~~~~~~~~~~~~~~~~~~~~~~~~~~~~~~~
~~~~~~~~~~~~~~~~~~~~~~
    + CategoryInfo          : NotSpecified: ( ΓÜ 
   á Warning: N...not be correct.:String) [], R  
  emoteException
    + FullyQualifiedErrorId : NativeCommandError
 
 We detected multiple lockfiles and selected the 
directory of C:\Users\Hp\package-lock.json as 
the root directory.
 To silence this warning, set `turbopack.root` 
in your Next.js config, or consider removing one 
of the lockfiles if it's not needed.
   See https://nextjs.org/docs/app/api-reference/
config/next-config-js/turbopack#root-directory 
for more information.
 Detected additional lockfiles: 
   * C:\Users\Hp\Desktop\Rahul\my_app\package-loc
k.json

   Γû▓ Next.js 16.0.0 (Turbopack, Cache Components)
   - Environments: .env
   - Experiments (use with caution):
     Γ£ô turbopackFileSystemCacheForDev

   Creating an optimized production build ...

> Build error occurred
Error: Turbopack build failed with 3 errors:
./Desktop/Rahul/my_app/app/admin/events/[id]/page
.tsx:8:14
Ecmascript file had an error
[0m [90m  6 |[39m [36mimport[39m { headers 
} [36mfrom[39m 
[32m'next/headers'[39m[33m;[39m
 [90m  7 |[39m
[31m[1m>[22m[39m[90m  8 |[39m 
[36mexport[39m [36mconst[39m dynamic 
[33m=[39m [32m'force-dynamic'[39m[33m;[39m
 [90m    |[39m              [31m[1m^[22m[39
m[31m[1m^[22m[39m[31m[1m^[22m[39m[31m[1
m^[22m[39m[31m[1m^[22m[39m[31m[1m^[22m[
39m[31m[1m^[22m[39m
 [90m  9 |[39m [36mexport[39m 
[36mconst[39m dynamicParams [33m=[39m 
[36mtrue[39m[33m;[39m
 [90m 10 |[39m
 [90m 11 |[39m [36mexport[39m 
[36masync[39m [36mfunction[39m 
generateStaticParams() {[0m

Route segment config "dynamic" is not compatible 
with `nextConfig.cacheComponents`. Please remove 
it.


./Desktop/Rahul/my_app/app/admin/events/[id]/page
.tsx:9:14
Ecmascript file had an error
[0m [90m  7 |[39m
 [90m  8 |[39m [36mexport[39m 
[36mconst[39m dynamic [33m=[39m 
[32m'force-dynamic'[39m[33m;[39m
[31m[1m>[22m[39m[90m  9 |[39m 
[36mexport[39m [36mconst[39m dynamicParams 
[33m=[39m [36mtrue[39m[33m;[39m
 [90m    |[39m              [31m[1m^[22m[39
m[31m[1m^[22m[39m[31m[1m^[22m[39m[31m[1
m^[22m[39m[31m[1m^[22m[39m[31m[1m^[22m[
39m[31m[1m^[22m[39m[31m[1m^[22m[39m[31m
[1m^[22m[39m[31m[1m^[22m[39m[31m[1m^[22m
[39m[31m[1m^[22m[39m[31m[1m^[22m[39m
 [90m 10 |[39m
 [90m 11 |[39m [36mexport[39m 
[36masync[39m [36mfunction[39m 
generateStaticParams() {
 [90m 12 |[39m   [36mreturn[39m 
[][33m;[39m[0m

Route segment config "dynamicParams" is not 
compatible with `nextConfig.cacheComponents`. 
Please remove it.


./Desktop/Rahul/my_app/app/admin/events/page.tsx:
5:14
Ecmascript file had an error
[0m [90m 3 |[39m [36mimport[39m 
[33mLink[39m [36mfrom[39m 
[32m'next/link'[39m[33m;[39m
 [90m 4 |[39m
[31m[1m>[22m[39m[90m 5 |[39m 
[36mexport[39m [36mconst[39m dynamic 
[33m=[39m [32m'force-dynamic'[39m[33m;[39m
 [90m   |[39m              [31m[1m^[22m[39m
[31m[1m^[22m[39m[31m[1m^[22m[39m[31m[1m
^[22m[39m[31m[1m^[22m[39m[31m[1m^[22m[3
9m[31m[1m^[22m[39m
 [90m 6 |[39m
 [90m 7 |[39m [36mexport[39m 
[36mdefault[39m [36masync[39m 
[36mfunction[39m [33mAdminEventsPage[39m() {
 [90m 8 |[39m   [36mconst[39m events 
[33m=[39m [36mawait[39m 
getAllEvents()[33m;[39m[0m

Route segment config "dynamic" is not compatible 
with `nextConfig.cacheComponents`. Please remove 
it.


    at <unknown> (./Desktop/Rahul/my_app/app/admi
n/events/[id]/page.tsx:8:14)
    at <unknown> (./Desktop/Rahul/my_app/app/admi
n/events/[id]/page.tsx:9:14)
    at <unknown> (./Desktop/Rahul/my_app/app/admi
n/events/page.tsx:5:14)
